
There are no discarded input sections

Memory Configuration

Name             Origin             Length             Attributes
*default*        0x00000000         0xffffffff

Linker script and memory map

                0x00100000                        physbase = 0x100000
                0x00100000                        . = physbase
                0x00100000                        . = ALIGN (0x1000)

.text           0x00100000    0x1d000
                0x00100000                        text = ABSOLUTE (.)
 *(.text .text.*)
 .text          0x00100000      0x165 binaries/start.o
                0x00100020                entry
                0x0010003d                start
                0x001000a5                inb
                0x001000ad                inw
                0x001000b6                inl
                0x001000be                outb
                0x001000c8                outw
                0x001000d3                outl
                0x001000dd                _rtcin
                0x001000e8                ___udivsi3
                0x001000f3                ___divsi3
                0x001000ff                sbzero
                0x0010010f                bcopy
                0x00100123                insw
                0x00100139                outsw
                0x0010014f                lidt
                0x00100157                jumptocode
                0x0010015e                jumptobootcode
 .text          0x00100165      0x3e0 binaries/ascdate.o
                0x00100165                ascdate
 .text          0x00100545       0x14 binaries/bufinit.o
                0x00100545                bufinit
 .text          0x00100559       0x94 binaries/chprio.o
                0x00100559                chprio
 .text          0x001005ed       0x99 binaries/clkhandler.o
                0x001005ed                clkhandler
 .text          0x00100686       0x80 binaries/clkinit.o
                0x00100686                clkinit
 .text          0x00100706       0x76 binaries/close.o
                0x00100706                close
 .text          0x0010077c        0x0 binaries/conf.o
 .text          0x0010077c       0x7c binaries/control.o
                0x0010077c                control
 .text          0x001007f8      0x2b0 binaries/create.o
                0x001007f8                create
 .text          0x00100aa8      0x35e binaries/evec.o
                0x00100aa8                initevec
                0x00100b01                set_evec
                0x00100ba5                trap
 .text          0x00100e06       0x1c binaries/exit.o
                0x00100e06                exit
 .text          0x00100e22       0x88 binaries/freebuf.o
                0x00100e22                freebuf
 .text          0x00100eaa      0x173 binaries/freemem.o
                0x00100eaa                freemem
 .text          0x0010101d       0x86 binaries/getbuf.o
                0x0010101d                getbuf
 .text          0x001010a3       0x76 binaries/getc.o
                0x001010a3                getc
 .text          0x00101119       0x73 binaries/getdev.o
                0x00101119                getdev
 .text          0x0010118c       0xd6 binaries/getitem.o
                0x0010118c                getfirst
                0x001011d3                getlast
                0x0010121c                getitem
 .text          0x00101262      0x10c binaries/getmem.o
                0x00101262                getmem
 .text          0x0010136e        0xa binaries/getpid.o
                0x0010136e                getpid
 .text          0x00101378       0x76 binaries/getprio.o
                0x00101378                getprio
 .text          0x001013ee       0xfd binaries/getstk.o
                0x001013ee                getstk
 .text          0x001014eb       0x18 binaries/getticks.o
                0x001014eb                getticks
 .text          0x00101503       0x3c binaries/gettime.o
                0x00101503                gettime
 .text          0x0010153f      0x1db binaries/getutime.o
                0x0010153f                getutime
 .text          0x0010171a      0x3d1 binaries/i386.o
                0x0010171a                setsegs
                0x00101832                init8259
                0x001018e7                pseg
                0x00101a90                setirmask
 .text          0x00101aeb       0x76 binaries/init.o
                0x00101aeb                init
 .text          0x00101b61      0x33d binaries/initialize.o
                0x00101b61                nulluser
                0x00101e44                stop
                0x00101e70                delay
 .text          0x00101e9e       0xdc binaries/insert.o
                0x00101e9e                insert
 .text          0x00101f7a      0x10e binaries/insertd.o
                0x00101f7a                insertd
 .text          0x00102088        0xa binaries/ioerr.o
                0x00102088                ioerr
 .text          0x00102092        0xa binaries/ionull.o
                0x00102092                ionull
 .text          0x0010209c      0x194 binaries/kill.o
                0x0010209c                kill
 .text          0x00102230      0x19c binaries/kprintf.o
                0x00102230                kputc
                0x001022e9                kgetc
                0x001023a0                kprintf
 .text          0x001023cc       0xcc binaries/main.o
                0x001023cc                main
 .text          0x00102498      0x11e binaries/mark.o
                0x00102498                markinit
                0x001024bf                notmarked
                0x00102513                mark
 .text          0x001025b6       0xc9 binaries/meminit.o
                0x001025b6                meminit
 .text          0x0010267f      0x159 binaries/mkbufpool.o
                0x0010267f                mkbufpool
 .text          0x001027d8       0x96 binaries/newqueue.o
                0x001027d8                newqueue
 .text          0x0010286e       0x7c binaries/open.o
                0x0010286e                open
 .text          0x001028ea       0x21 binaries/panic.o
                0x001028ea                panic
 .text          0x0010290b      0x48a binaries/pci.o
                0x0010290b                pci_init
                0x00102bcc                find_pci_device
                0x00102c17                pci_bios_read_config_byte
                0x00102c56                pci_bios_read_config_word
                0x00102c98                pci_bios_read_config_dword
                0x00102cd7                pci_bios_write_config_byte
                0x00102d18                pci_bios_write_config_word
                0x00102d5a                pci_bios_write_config_dword
 .text          0x00102d95       0xf3 binaries/ptclear.o
                0x00102d95                _ptclear
 .text          0x00102e88       0x9f binaries/ptcount.o
                0x00102e88                ptcount
 .text          0x00102f27      0x114 binaries/ptcreate.o
                0x00102f27                ptcreate
 .text          0x0010303b       0x81 binaries/ptdelete.o
                0x0010303b                ptdelete
 .text          0x001030bc       0xbf binaries/ptinit.o
                0x001030bc                ptinit
 .text          0x0010317b      0x11d binaries/ptrecv.o
                0x0010317b                ptrecv
 .text          0x00103298       0x79 binaries/ptreset.o
                0x00103298                ptreset
 .text          0x00103311      0x13f binaries/ptsend.o
                0x00103311                ptsend
 .text          0x00103450       0x81 binaries/putc.o
                0x00103450                putc
 .text          0x001034d1      0x111 binaries/queue.o
                0x001034d1                enqueue
                0x00103573                dequeue
 .text          0x001035e2       0x7c binaries/read.o
                0x001035e2                read
 .text          0x0010365e       0x7a binaries/ready.o
                0x0010365e                ready
 .text          0x001036d8       0x62 binaries/receive.o
                0x001036d8                receive
 .text          0x0010373a       0x5e binaries/recvclr.o
                0x0010373a                recvclr
 .text          0x00103798       0xbd binaries/recvtime.o
                0x00103798                recvtime
 .text          0x00103855      0x16c binaries/resched.o
                0x00103855                resched
                0x0010394b                resched_cntl
 .text          0x001039c1       0xb1 binaries/resume.o
                0x001039c1                resume
 .text          0x00103a72       0x7a binaries/seek.o
                0x00103a72                seek
 .text          0x00103aec       0x71 binaries/semcount.o
                0x00103aec                semcount
 .text          0x00103b5d       0xd9 binaries/semcreate.o
                0x00103b5d                semcreate
 .text          0x00103c36       0xcf binaries/semdelete.o
                0x00103c36                semdelete
 .text          0x00103d05       0xcd binaries/semreset.o
                0x00103d05                semreset
 .text          0x00103dd2       0xe8 binaries/send.o
                0x00103dd2                send
 .text          0x00103eba       0xaa binaries/signal.o
                0x00103eba                signal
 .text          0x00103f64       0xd8 binaries/signaln.o
                0x00103f64                signaln
 .text          0x0010403c       0xee binaries/sleep.o
                0x0010403c                sleep
                0x0010408c                sleepms
 .text          0x0010412a      0x18c binaries/stacktrace.o
                0x0010412a                stacktrace
 .text          0x001042b6       0xe2 binaries/suspend.o
                0x001042b6                suspend
 .text          0x00104398       0xe4 binaries/unsleep.o
                0x00104398                unsleep
 .text          0x0010447c       0x1c binaries/userret.o
                0x0010447c                userret
 .text          0x00104498       0xdd binaries/wait.o
                0x00104498                wait
 .text          0x00104575       0x74 binaries/wakeup.o
                0x00104575                wakeup
 .text          0x001045e9       0x7c binaries/write.o
                0x001045e9                write
 .text          0x00104665       0x20 binaries/xdone.o
                0x00104665                xdone
 .text          0x00104685       0x2a binaries/yield.o
                0x00104685                yield
 .text          0x001046af       0x11 binaries/abs.o
                0x001046af                abs
 .text          0x001046c0       0x97 binaries/atoi.o
                0x001046c0                atoi
 .text          0x00104757       0x97 binaries/atol.o
                0x00104757                atol
 .text          0x001047ee       0x34 binaries/bzero.o
                0x001047ee                bzero
 .text          0x00104822        0x0 binaries/ctype_.o
 .text          0x00104822      0x8fb binaries/doprnt.o
                0x00104822                _doprnt
 .text          0x0010511d      0x6a3 binaries/doscan.o
                0x0010511d                _doscan
 .text          0x001057c0      0x727 binaries/fdoprnt.o
                0x001057c0                _fdoprnt
 .text          0x00105ee7       0x2b binaries/fgetc.o
                0x00105ee7                fgetc
 .text          0x00105f12       0x77 binaries/fgets.o
                0x00105f12                fgets
 .text          0x00105f89       0x2c binaries/fprintf.o
                0x00105f89                fprintf
 .text          0x00105fb5       0x2e binaries/fputc.o
                0x00105fb5                fputc
 .text          0x00105fe3       0x45 binaries/fputs.o
                0x00105fe3                fputs
 .text          0x00106028       0x8e binaries/fscanf.o
                0x00106028                fscanf
 .text          0x001060b6       0x2f binaries/getchar.o
                0x001060b6                getchar
 .text          0x001060e5       0x11 binaries/labs.o
                0x001060e5                labs
 .text          0x001060f6       0x53 binaries/memcmp.o
                0x001060f6                memcmp
 .text          0x00106149       0x3f binaries/memcpy.o
                0x00106149                memcpy
 .text          0x00106188       0x30 binaries/memset.o
                0x00106188                memset
 .text          0x001061b8       0x45 binaries/printf.o
                0x001061b8                printf
 .text          0x001061fd       0x32 binaries/putchar.o
                0x001061fd                putchar
 .text          0x0010622f      0x27c binaries/qsort.o
                0x0010622f                qsort
 .text          0x001064ab       0x62 binaries/rand.o
                0x001064ab                rand
                0x001064c5                rand_r
                0x001064ff                srand
 .text          0x0010650d       0x6a binaries/sprintf.o
                0x0010650d                sprintf
 .text          0x00106577       0x72 binaries/sscanf.o
                0x00106577                sscanf
 .text          0x001065e9       0x3c binaries/strchr.o
                0x001065e9                strchr
 .text          0x00106625       0x45 binaries/strcmp.o
                0x00106625                strcmp
 .text          0x0010666a       0x27 binaries/strcpy.o
                0x0010666a                strcpy
 .text          0x00106691       0x28 binaries/strlen.o
                0x00106691                strlen
 .text          0x001066b9       0x58 binaries/strncat.o
                0x001066b9                strncat
 .text          0x00106711       0x5e binaries/strncmp.o
                0x00106711                strncmp
 .text          0x0010676f       0x4f binaries/strncpy.o
                0x0010676f                strncpy
 .text          0x001067be       0x30 binaries/strnlen.o
                0x001067be                strnlen
 .text          0x001067ee       0x47 binaries/strrchr.o
                0x001067ee                strrchr
 .text          0x00106835       0x70 binaries/strstr.o
                0x00106835                strstr
 .text          0x001068a5       0xeb binaries/ttycontrol.o
                0x001068a5                ttycontrol
 .text          0x00106990       0x9d binaries/ttygetc.o
                0x00106990                ttygetc
 .text          0x00106a2d      0x6fa binaries/ttyhandle_in.o
                0x00106a2d                ttyhandle_in
 .text          0x00107127      0x1bd binaries/ttyhandle_out.o
                0x00107127                ttyhandle_out
 .text          0x001072e4       0xd0 binaries/ttyhandler.o
                0x001072e4                ttyhandler
 .text          0x001073b4      0x22d binaries/ttyinit.o
                0x001073b4                ttyinit
 .text          0x001075e1       0x1d binaries/ttykickout.o
                0x001075e1                ttykickout
 .text          0x001075fe       0xb8 binaries/ttyputc.o
                0x001075fe                ttyputc
 .text          0x001076b6      0x11b binaries/ttyread.o
                0x001076b6                ttyread
 .text          0x001077d1       0x4f binaries/ttywrite.o
                0x001077d1                ttywrite
 .text          0x00107820      0x177 binaries/mount.o
                0x00107820                mount
                0x0010795f                namlen
 .text          0x00107997      0x203 binaries/naminit.o
                0x00107997                naminit
 .text          0x00107b9a      0x218 binaries/nammap.o
                0x00107b9a                nammap
                0x00107c27                namrepl
                0x00107d60                namcpy
 .text          0x00107db2       0x50 binaries/namopen.o
                0x00107db2                namopen
 .text          0x00107e02      0xec6 binaries/82545EMInit.o
                0x00107e65                _82545EMInit
                0x00108b2e                _82545EM_read_phy_reg
                0x00108bf7                _82545EM_write_phy_reg
 .text          0x00108cc8      0x24d binaries/ethcontrol.o
                0x00108d2b                ethcontrol
                0x00108ea2                ethIrqDisable
                0x00108eda                ethIrqEnable
 .text          0x00108f15      0x25c binaries/ethhandler.o
                0x0010908d                ethhandler
 .text          0x00109171      0x128 binaries/ethinit.o
                0x00109171                ethinit
 .text          0x00109299      0x1fb binaries/ethread.o
                0x001092fc                ethread
 .text          0x00109494      0x1a5 binaries/ethwrite.o
                0x001094f7                ethwrite
 .text          0x00109639       0xae binaries/rdsars.o
                0x00109639                rdsars
 .text          0x001096e7      0x2da binaries/rdscomm.o
                0x001096e7                rdscomm
 .text          0x001099c1      0x334 binaries/rdscontrol.o
                0x001099c1                rdscontrol
 .text          0x00109cf5       0x53 binaries/rdsinit.o
                0x00109cf5                rdsinit
 .text          0x00109d48      0x3bd binaries/rdsopen.o
                0x00109d48                rdsopen
 .text          0x0010a105      0x562 binaries/rdsprocess.o
                0x0010a105                rdsprocess
 .text          0x0010a667      0x5e8 binaries/rdsqfcns.o
                0x0010a667                rdqadd
                0x0010a6be                rdqfree
                0x0010a762                rdcget
                0x0010a7b7                rdcadd
                0x0010a8db                rdqdump
                0x0010aabb                rdcdump
 .text          0x0010ac4f       0xd3 binaries/rdsread.o
                0x0010ac4f                rdsread
 .text          0x0010ad22       0xd3 binaries/rdswrite.o
                0x0010ad22                rdswrite
 .text          0x0010adf5        0xa binaries/ramclose.o
                0x0010adf5                ramclose
 .text          0x0010adff       0x40 binaries/raminit.o
                0x0010adff                raminit
 .text          0x0010ae3f        0xa binaries/ramopen.o
                0x0010ae3f                ramopen
 .text          0x0010ae49       0x34 binaries/ramread.o
                0x0010ae49                ramread
 .text          0x0010ae7d       0x34 binaries/ramwrite.o
                0x0010ae7d                ramwrite
 .text          0x0010aeb1       0x9a binaries/lfdballoc.o
                0x0010aeb1                lfdballoc
 .text          0x0010af4b       0x5a binaries/lfdbfree.o
                0x0010af4b                lfdbfree
 .text          0x0010afa5       0xb8 binaries/lfflush.o
                0x0010afa5                lfflush
 .text          0x0010b05d       0xe1 binaries/lfgetmode.o
                0x0010b05d                lfgetmode
 .text          0x0010b13e       0x6a binaries/lfiballoc.o
                0x0010b13e                lfiballoc
 .text          0x0010b1a8       0x3d binaries/lfibclear.o
                0x0010b1a8                lfibclear
 .text          0x0010b1e5       0xaf binaries/lfibget.o
                0x0010b1e5                lfibget
 .text          0x0010b294       0xde binaries/lfibput.o
                0x0010b294                lfibput
 .text          0x0010b372       0xa4 binaries/lflclose.o
                0x0010b372                lflclose
 .text          0x0010b416       0xd0 binaries/lflcontrol.o
                0x0010b416                lflcontrol
 .text          0x0010b4e6       0xf3 binaries/lflgetc.o
                0x0010b4e6                lflgetc
 .text          0x0010b5d9       0xf0 binaries/lflinit.o
                0x0010b5d9                lflinit
 .text          0x0010b6c9      0x123 binaries/lflputc.o
                0x0010b6c9                lflputc
 .text          0x0010b7ec       0x72 binaries/lflread.o
                0x0010b7ec                lflread
 .text          0x0010b85e       0xae binaries/lflseek.o
                0x0010b85e                lflseek
 .text          0x0010b90c       0x57 binaries/lflwrite.o
                0x0010b90c                lflwrite
 .text          0x0010b963       0x64 binaries/lfscheck.o
                0x0010b963                lfscheck
 .text          0x0010b9c7      0x173 binaries/lfsckfmt.o
                0x0010b9c7                lfsckfmt
 .text          0x0010bb3a      0x204 binaries/lfscreate.o
                0x0010bb3a                lfscreate
 .text          0x0010bd3e      0x27f binaries/lfsetup.o
                0x0010bd3e                lfsetup
 .text          0x0010bfbd       0x53 binaries/lfsinit.o
                0x0010bfbd                lfsinit
 .text          0x0010c010      0x3f7 binaries/lfsopen.o
                0x0010c010                lfsopen
 .text          0x0010c407      0x160 binaries/lftruncate.o
                0x0010c407                lftruncate
 .text          0x0010c567      0x1bc binaries/rflclose.o
                0x0010c567                rflclose
 .text          0x0010c723       0x59 binaries/rflgetc.o
                0x0010c723                rflgetc
 .text          0x0010c77c       0x7a binaries/rflinit.o
                0x0010c77c                rflinit
 .text          0x0010c7f6       0x35 binaries/rflputc.o
                0x0010c7f6                rflputc
 .text          0x0010c82b      0x3a1 binaries/rflread.o
                0x0010c82b                rflread
 .text          0x0010cbcc       0x76 binaries/rflseek.o
                0x0010cbcc                rflseek
 .text          0x0010cc42      0x34f binaries/rflwrite.o
                0x0010cc42                rflwrite
 .text          0x0010cf91      0x22e binaries/rfscomm.o
                0x0010cf91                rfscomm
 .text          0x0010d1bf      0x275 binaries/rfscontrol.o
                0x0010d1bf                rfscontrol
 .text          0x0010d434       0xe1 binaries/rfsgetmode.o
                0x0010d434                rfsgetmode
 .text          0x0010d515       0x68 binaries/rfsinit.o
                0x0010d515                rfsinit
 .text          0x0010d57d      0x10e binaries/rfsndmsg.o
                0x0010d57d                rfsndmsg
 .text          0x0010d68b      0x2ad binaries/rfsopen.o
                0x0010d68b                rfsopen
 .text          0x0010d938       0xf8 binaries/pipe_close.o
                0x0010d938                pipe_close
 .text          0x0010da30      0x122 binaries/pipe_getc.o
                0x0010da30                pipe_getc
 .text          0x0010db52       0x3a binaries/pipe_init.o
                0x0010db52                pipe_init
 .text          0x0010db8c       0x9e binaries/pipe_open.o
                0x0010db8c                pipe_open
 .text          0x0010dc2a       0xaf binaries/pipe_putc.o
                0x0010dc2a                pipe_putc
 .text          0x0010dcd9       0x6a binaries/pipe_read.o
                0x0010dcd9                pipe_read
 .text          0x0010dd43       0x67 binaries/pipe_write.o
                0x0010dd43                pipe_write
 .text          0x0010ddaa      0x825 binaries/arp.o
                0x0010ddaa                arp_init
                0x0010dde0                arp_resolve
                0x0010e098                arp_in
                0x0010e351                arp_alloc
                0x0010e413                arp_ntoh
                0x0010e4f1                arp_hton
 .text          0x0010e5cf      0x908 binaries/dhcp.o
                0x0010e5cf                dhcp_get_opt_val
                0x0010e62a                dhcp_bld_bootp_msg
                0x0010e73a                dhcp_bld_disc
                0x0010e833                dhcp_bld_req
                0x0010e9a1                getlocalip
 .text          0x0010eed7      0x682 binaries/dns.o
                0x0010eed7                dnslookup
 .text          0x0010f559       0xe6 binaries/dot2ip.o
                0x0010f559                dot2ip
 .text          0x0010f63f      0x4c8 binaries/hexdump.o
                0x0010f63f                hexdump
                0x0010f7e8                hexadump
 .text          0x0010fb07      0x8d3 binaries/icmp.o
                0x0010fb07                icmp_init
                0x0010fb3c                icmp_in
                0x0010fd4f                icmp_register
                0x0010fe46                icmp_recv
                0x0010ffd2                icmp_send
                0x0011005e                icmp_mkpkt
                0x0011017c                icmp_release
                0x00110279                icmp_cksum
                0x0011030e                icmp_hton
                0x00110374                icmp_ntoh
 .text          0x001103da      0x87b binaries/ip.o
                0x001103da                ip_in
                0x00110550                ip_send
                0x001106ad                ip_local
                0x001106fb                ip_out
                0x0011082c                ipcksum
                0x001108b4                ip_ntoh
                0x00110992                ip_hton
                0x00110a70                ipout
                0x00110b9f                ip_enqueue
 .text          0x00110c55      0x2c6 binaries/net.o
                0x00110c55                net_init
                0x00110d7f                netin
                0x00110e41                eth_hton
                0x00110e67                eth_ntoh
                0x00110e8d                getport
 .text          0x00110f1b     0x14c4 binaries/pdump.o
                0x00110f1b                pdump
                0x00111cf6                pdumph
 .text          0x001123df      0x617 binaries/tftp.o
                0x001123df                tftp_send1
                0x00112561                tftpget
                0x00112595                tftpget_mb
 .text          0x001129f6      0xb4c binaries/udp.o
                0x001129f6                udp_init
                0x00112a2b                udp_in
                0x00112b6e                udp_register
                0x00112cab                udp_recv
                0x00112e48                udp_recvaddr
                0x00112ffd                udp_send
                0x001131d7                udp_sendto
                0x0011337a                udp_release
                0x00113476                udp_ntoh
                0x001134dc                udp_hton
 .text          0x00113542      0x18c binaries/addargs.o
                0x00113542                addargs
 .text          0x001136ce      0x1df binaries/hello1.o
                0x001136ce                proc1
                0x001136ed                proc2
                0x0011370c                Printer
                0x0011376a                hello1
 .text          0x001138ad      0x323 binaries/lexan.o
                0x001138ad                lexan
 .text          0x00113bd0      0x957 binaries/shell.o
                0x00113bd0                cmdlookup
                0x00113c35                shell
 .text          0x00114527       0x6b binaries/xsh_argecho.o
                0x00114527                xsh_argecho
 .text          0x00114592      0x27d binaries/xsh_arp.o
                0x00114592                xsh_arp
 .text          0x0011480f      0x259 binaries/xsh_cat.o
                0x0011480f                xsh_cat
 .text          0x00114a68       0x5c binaries/xsh_clear.o
                0x00114a68                xsh_clear
 .text          0x00114ac4      0x2e5 binaries/xsh_date.o
                0x00114ac4                xsh_date
 .text          0x00114da9       0xab binaries/xsh_devdump.o
                0x00114da9                xsh_devdump
 .text          0x00114e54       0x74 binaries/xsh_echo.o
                0x00114e54                xsh_echo
 .text          0x00114ec8        0xa binaries/xsh_exit.o
                0x00114ec8                xsh_exit
 .text          0x00114ed2      0x355 binaries/xsh_help.o
                0x00114ed2                xsh_help
 .text          0x00115227      0x237 binaries/xsh_kill.o
                0x00115227                xsh_kill
 .text          0x0011545e      0x516 binaries/xsh_ls.o
                0x0011545e                xsh_ls
 .text          0x00115974      0x52f binaries/xsh_memdump.o
                0x00115974                xsh_memdump
 .text          0x00115ea3      0x2a1 binaries/xsh_memstat.o
                0x00115ea3                xsh_memstat
 .text          0x00116144      0x535 binaries/xsh_netinfo.o
                0x00116144                xsh_netinfo
 .text          0x00116679      0x592 binaries/xsh_ns.o
                0x00116679                xsh_ns
 .text          0x00116c0b      0x3a7 binaries/xsh_ping.o
                0x00116c0b                xsh_ping
 .text          0x00116fb2      0x219 binaries/xsh_ps.o
                0x00116fb2                xsh_ps
 .text          0x001171cb      0x213 binaries/xsh_sleep.o
                0x001171cb                xsh_sleep
 .text          0x001173de      0x23e binaries/xsh_tee.o
                0x001173de                xsh_tee
 .text          0x0011761c      0x273 binaries/xsh_udpdump.o
                0x0011761c                xsh_udpdump
 .text          0x0011788f      0x553 binaries/xsh_udpecho.o
                0x0011788f                xsh_udpecho
 .text          0x00117de2      0x29e binaries/xsh_udpserver.o
                0x00117de2                xsh_udpeserver
 .text          0x00118080      0x1ed binaries/xsh_uptime.o
                0x00118080                xsh_uptime
 .text          0x0011826d        0xe binaries/clkdisp.o
                0x0011826d                clkdisp
 .text          0x0011827b       0x19 binaries/ctxsw.o
                0x0011827b                ctxsw
 .text          0x00118294      0x368 binaries/intr.o
                0x00118294                disable
                0x0011829d                restore
                0x001182ab                enable
                0x001182ad                pause
                0x001182b4                halt
                0x001182b7                spurious_irq7
                0x001182bc                spurious_irq15
                0x001182cb                _Xint0
                0x001182d6                _Xint1
                0x001182e1                _Xint2
                0x001182ec                _Xint3
                0x001182f7                _Xint4
                0x00118302                _Xint5
                0x0011830d                _Xint6
                0x00118318                _Xint7
                0x00118323                _Xint8
                0x0011832e                _Xint9
                0x00118339                _Xint10
                0x00118344                _Xint11
                0x00118352                _Xint12
                0x00118360                _Xint13
                0x0011836e                _Xint14
                0x0011837c                _Xint15
                0x0011838a                _Xint16
                0x00118398                _Xint17
                0x001183a6                _Xint18
                0x001183b4                _Xint19
                0x001183c2                _Xint20
                0x001183d0                _Xint21
                0x001183de                _Xint22
                0x001183ec                _Xint23
                0x001183fa                _Xint24
                0x00118408                _Xint25
                0x00118416                _Xint26
                0x00118424                _Xint27
                0x00118432                _Xint28
                0x00118440                _Xint29
                0x0011844e                _Xint30
                0x0011845c                _Xint31
                0x0011846a                _Xint32
                0x00118478                _Xint33
                0x00118486                _Xint34
                0x00118494                _Xint35
                0x001184a2                _Xint36
                0x001184b0                _Xint37
                0x001184be                _Xint38
                0x001184cc                _Xint39
                0x001184da                _Xint40
                0x001184e8                _Xint41
                0x001184f6                _Xint42
                0x00118504                _Xint43
                0x00118512                _Xint44
                0x00118520                _Xint45
                0x0011852e                _Xint46
                0x0011853c                defevec
 .text          0x001185fc        0xf binaries/ttydispatch.o
                0x001185fc                ttydispatch
 .text          0x0011860b       0x13 binaries/ethdispatch.o
                0x0011860b                ethdispatch
 *(.rodata .rodata.*)
 *fill*         0x0011861e        0x2 
 .rodata        0x00118620       0x8e binaries/ascdate.o
 .rodata        0x001186ae       0xe8 binaries/conf.o
 *fill*         0x00118796        0x2 
 .rodata        0x00118798      0x22f binaries/evec.o
 *fill*         0x001189c7        0x1 
 .rodata        0x001189c8       0x61 binaries/getutime.o
 *fill*         0x00118a29        0x3 
 .rodata        0x00118a2c       0x90 binaries/i386.o
 .rodata        0x00118abc      0x131 binaries/initialize.o
 *fill*         0x00118bed        0x3 
 .rodata        0x00118bf0       0x20 binaries/kill.o
 .rodata        0x00118c10       0x2e binaries/main.o
 .rodata        0x00118c3e        0xf binaries/panic.o
 *fill*         0x00118c4d        0x3 
 .rodata        0x00118c50      0x1ec binaries/pci.o
 .rodata        0x00118e3c       0x1d binaries/ptinit.o
 *fill*         0x00118e59        0x3 
 .rodata        0x00118e5c       0x25 binaries/ptsend.o
 *fill*         0x00118e81        0x3 
 .rodata        0x00118e84       0xb7 binaries/stacktrace.o
 *fill*         0x00118f3b        0x1 
 .rodata        0x00118f3c       0x27 binaries/xdone.o
 *fill*         0x00118f63       0x1d 
 .rodata        0x00118f80       0x81 binaries/ctype_.o
                0x00118f80                _ctype_
 *fill*         0x00119001        0x3 
 .rodata        0x00119004       0xee binaries/doprnt.o
 *fill*         0x001190f2        0x2 
 .rodata        0x001190f4       0xae binaries/fdoprnt.o
 *fill*         0x001191a2        0x2 
 .rodata        0x001191a4       0x20 binaries/ttycontrol.o
 .rodata        0x001191c4       0x34 binaries/ttyhandler.o
 .rodata        0x001191f8       0x14 binaries/mount.o
 .rodata        0x0011920c       0x82 binaries/naminit.o
 *fill*         0x0011928e        0x2 
 .rodata        0x00119290       0x2e binaries/82545EMInit.o
 *fill*         0x001192be        0x2 
 .rodata        0x001192c0       0x78 binaries/ethinit.o
 .rodata        0x00119338       0x18 binaries/ethread.o
 .rodata        0x00119350       0x76 binaries/rdscomm.o
 *fill*         0x001193c6        0x2 
 .rodata        0x001193c8       0x89 binaries/rdscontrol.o
 *fill*         0x00119451        0x3 
 .rodata        0x00119454       0xcf binaries/rdsopen.o
 *fill*         0x00119523        0x1 
 .rodata        0x00119524       0x40 binaries/rdsprocess.o
 .rodata        0x00119564       0xe2 binaries/rdsqfcns.o
 .rodata        0x00119646        0x9 binaries/raminit.o
 *fill*         0x0011964f        0x1 
 .rodata        0x00119650       0x36 binaries/lfdballoc.o
 .rodata        0x00119686       0x14 binaries/lfiballoc.o
 *fill*         0x0011969a        0x2 
 .rodata        0x0011969c       0x22 binaries/lflcontrol.o
 *fill*         0x001196be        0x2 
 .rodata        0x001196c0      0x118 binaries/lfsckfmt.o
 .rodata        0x001197d8       0x66 binaries/lfsopen.o
 *fill*         0x0011983e        0x2 
 .rodata        0x00119840       0x22 binaries/rflclose.o
 *fill*         0x00119862        0x2 
 .rodata        0x00119864       0x21 binaries/rflread.o
 *fill*         0x00119885        0x3 
 .rodata        0x00119888       0x21 binaries/rflwrite.o
 *fill*         0x001198a9        0x3 
 .rodata        0x001198ac       0xa1 binaries/rfscomm.o
 *fill*         0x0011994d        0x3 
 .rodata        0x00119950       0x3c binaries/rfscontrol.o
 .rodata        0x0011998c       0x2b binaries/rfsinit.o
 *fill*         0x001199b7        0x1 
 .rodata        0x001199b8       0x2a binaries/rfsndmsg.o
 *fill*         0x001199e2        0x2 
 .rodata        0x001199e4       0x21 binaries/rfsopen.o
 *fill*         0x00119a05        0x3 
 .rodata        0x00119a08       0x3a binaries/arp.o
 *fill*         0x00119a42        0x2 
 .rodata        0x00119a44       0xcf binaries/dhcp.o
 .rodata        0x00119b13       0x24 binaries/dns.o
 *fill*         0x00119b37        0x1 
 .rodata        0x00119b38       0xc9 binaries/hexdump.o
 *fill*         0x00119c01        0x3 
 .rodata        0x00119c04       0x29 binaries/icmp.o
 *fill*         0x00119c2d        0x3 
 .rodata        0x00119c30       0x52 binaries/ip.o
 *fill*         0x00119c82        0x2 
 .rodata        0x00119c84       0x4f binaries/net.o
 *fill*         0x00119cd3        0x1 
 .rodata        0x00119cd4      0x26f binaries/pdump.o
 *fill*         0x00119f43        0x1 
 .rodata        0x00119f44      0x154 binaries/tftp.o
 .rodata        0x0011a098       0x7f binaries/hello1.o
 *fill*         0x0011a117        0x9 
 .rodata        0x0011a120      0x397 binaries/shell.o
                0x0011a1c0                cmdtab
 .rodata        0x0011a4b7       0x28 binaries/xsh_argecho.o
 *fill*         0x0011a4df        0x1 
 .rodata        0x0011a4e0      0x123 binaries/xsh_arp.o
 *fill*         0x0011a603        0x1 
 .rodata        0x0011a604       0xc9 binaries/xsh_cat.o
 .rodata        0x0011a6cd       0x19 binaries/xsh_clear.o
 *fill*         0x0011a6e6        0x2 
 .rodata        0x0011a6e8      0x1c3 binaries/xsh_date.o
 .rodata        0x0011a8ab       0x5d binaries/xsh_devdump.o
 .rodata        0x0011a908        0x9 binaries/xsh_echo.o
 *fill*         0x0011a911        0x3 
 .rodata        0x0011a914      0x169 binaries/xsh_help.o
 *fill*         0x0011aa7d        0x3 
 .rodata        0x0011aa80      0x12e binaries/xsh_kill.o
 *fill*         0x0011abae        0x2 
 .rodata        0x0011abb0      0x190 binaries/xsh_ls.o
 .rodata        0x0011ad40      0x266 binaries/xsh_memdump.o
 *fill*         0x0011afa6        0x2 
 .rodata        0x0011afa8      0x225 binaries/xsh_memstat.o
 *fill*         0x0011b1cd        0x3 
 .rodata        0x0011b1d0      0x1b0 binaries/xsh_netinfo.o
 .rodata        0x0011b380      0x340 binaries/xsh_ns.o
 .rodata        0x0011b6c0      0x19d binaries/xsh_ping.o
 *fill*         0x0011b85d        0x3 
 .rodata        0x0011b860      0x1e0 binaries/xsh_ps.o
 .rodata        0x0011ba40       0xeb binaries/xsh_sleep.o
 *fill*         0x0011bb2b        0x1 
 .rodata        0x0011bb2c       0x94 binaries/xsh_tee.o
 .rodata        0x0011bbc0      0x1b8 binaries/xsh_udpdump.o
 .rodata        0x0011bd78      0x27d binaries/xsh_udpecho.o
 *fill*         0x0011bff5        0x3 
 .rodata        0x0011bff8      0x12b binaries/xsh_udpserver.o
 *fill*         0x0011c123        0x1 
 .rodata        0x0011c124      0x105 binaries/xsh_uptime.o
                0x0011c229                        etext = ABSOLUTE (.)
                0x0011d000                        . = ALIGN (0x1000)
 *fill*         0x0011c229      0xdd7 

.iplt           0x0011d000        0x0
 .iplt          0x0011d000        0x0 binaries/start.o

.rel.dyn        0x0011d000        0x0
 .rel.got       0x0011d000        0x0 binaries/start.o
 .rel.iplt      0x0011d000        0x0 binaries/start.o
 .rel.text      0x0011d000        0x0 binaries/start.o

.data           0x0011d000     0x1000
                0x0011d000                        data = ABSOLUTE (.)
 *(.data .data.*)
 .data          0x0011d000      0x460 binaries/start.o
                0x0011d000                gdt
                0x0011d040                gdtr
                0x0011d046                idt
                0x0011d446                idtr
                0x0011d44c                cpudelay
                0x0011d450                _bootdev
                0x0011d454                _cyloffset
 .data          0x0011d460       0x88 binaries/ascdate.o
                0x0011d460                Date
 .data          0x0011d4e8        0x0 binaries/bufinit.o
 .data          0x0011d4e8        0x0 binaries/chprio.o
 .data          0x0011d4e8        0x4 binaries/clkhandler.o
 .data          0x0011d4ec        0x0 binaries/clkinit.o
 .data          0x0011d4ec        0x0 binaries/close.o
 *fill*         0x0011d4ec       0x14 
 .data          0x0011d500      0x7f8 binaries/conf.o
                0x0011d500                devtab
 .data          0x0011dcf8        0x0 binaries/control.o
 .data          0x0011dcf8        0x4 binaries/create.o
 *fill*         0x0011dcfc        0x4 
 .data          0x0011dd00       0x40 binaries/evec.o
                0x0011dd00                inames
 .data          0x0011dd40        0x0 binaries/exit.o
 .data          0x0011dd40        0x0 binaries/freebuf.o
 .data          0x0011dd40        0x0 binaries/freemem.o
 .data          0x0011dd40        0x0 binaries/getbuf.o
 .data          0x0011dd40        0x0 binaries/getc.o
 .data          0x0011dd40        0x0 binaries/getdev.o
 .data          0x0011dd40        0x0 binaries/getitem.o
 .data          0x0011dd40        0x0 binaries/getmem.o
 .data          0x0011dd40        0x0 binaries/getpid.o
 .data          0x0011dd40        0x0 binaries/getprio.o
 .data          0x0011dd40        0x0 binaries/getstk.o
 .data          0x0011dd40        0x0 binaries/getticks.o
 .data          0x0011dd40        0x0 binaries/gettime.o
 .data          0x0011dd40        0x0 binaries/getutime.o
 .data          0x0011dd40       0x40 binaries/i386.o
                0x0011dd40                gdt_copy
 .data          0x0011dd80        0x0 binaries/init.o
 .data          0x0011dd80        0x0 binaries/initialize.o
 .data          0x0011dd80        0x0 binaries/insert.o
 .data          0x0011dd80        0x0 binaries/insertd.o
 .data          0x0011dd80        0x0 binaries/ioerr.o
 .data          0x0011dd80        0x0 binaries/ionull.o
 .data          0x0011dd80        0x0 binaries/kill.o
 .data          0x0011dd80        0x0 binaries/kprintf.o
 .data          0x0011dd80        0x0 binaries/main.o
 .data          0x0011dd80        0x0 binaries/mark.o
 .data          0x0011dd80        0x0 binaries/meminit.o
 .data          0x0011dd80        0x0 binaries/mkbufpool.o
 .data          0x0011dd80        0x2 binaries/newqueue.o
 .data          0x0011dd82        0x0 binaries/open.o
 .data          0x0011dd82        0x0 binaries/panic.o
 *fill*         0x0011dd82        0x2 
 .data          0x0011dd84       0x10 binaries/pci.o
 .data          0x0011dd94        0x0 binaries/ptclear.o
 .data          0x0011dd94        0x0 binaries/ptcount.o
 .data          0x0011dd94        0x0 binaries/ptcreate.o
 .data          0x0011dd94        0x0 binaries/ptdelete.o
 .data          0x0011dd94        0x0 binaries/ptinit.o
 .data          0x0011dd94        0x0 binaries/ptrecv.o
 .data          0x0011dd94        0x0 binaries/ptreset.o
 .data          0x0011dd94        0x0 binaries/ptsend.o
 .data          0x0011dd94        0x0 binaries/putc.o
 .data          0x0011dd94        0x0 binaries/queue.o
 .data          0x0011dd94        0x0 binaries/read.o
 .data          0x0011dd94        0x0 binaries/ready.o
 .data          0x0011dd94        0x0 binaries/receive.o
 .data          0x0011dd94        0x0 binaries/recvclr.o
 .data          0x0011dd94        0x0 binaries/recvtime.o
 .data          0x0011dd94        0x0 binaries/resched.o
 .data          0x0011dd94        0x0 binaries/resume.o
 .data          0x0011dd94        0x0 binaries/seek.o
 .data          0x0011dd94        0x0 binaries/semcount.o
 .data          0x0011dd94        0x0 binaries/semcreate.o
 .data          0x0011dd94        0x0 binaries/semdelete.o
 .data          0x0011dd94        0x0 binaries/semreset.o
 .data          0x0011dd94        0x0 binaries/send.o
 .data          0x0011dd94        0x0 binaries/signal.o
 .data          0x0011dd94        0x0 binaries/signaln.o
 .data          0x0011dd94        0x0 binaries/sleep.o
 .data          0x0011dd94        0x0 binaries/stacktrace.o
 .data          0x0011dd94        0x0 binaries/suspend.o
 .data          0x0011dd94        0x0 binaries/unsleep.o
 .data          0x0011dd94        0x0 binaries/userret.o
 .data          0x0011dd94        0x0 binaries/wait.o
 .data          0x0011dd94        0x0 binaries/wakeup.o
 .data          0x0011dd94        0x0 binaries/write.o
 .data          0x0011dd94        0x0 binaries/xdone.o
 .data          0x0011dd94        0x0 binaries/yield.o
 .data          0x0011dd94        0x0 binaries/abs.o
 .data          0x0011dd94        0x0 binaries/atoi.o
 .data          0x0011dd94        0x0 binaries/atol.o
 .data          0x0011dd94        0x0 binaries/bzero.o
 .data          0x0011dd94        0x0 binaries/ctype_.o
 .data          0x0011dd94        0x0 binaries/doprnt.o
 *fill*         0x0011dd94        0xc 
 .data          0x0011dda0       0x80 binaries/doscan.o
                0x0011dda0                _sctab
 .data          0x0011de20        0x0 binaries/fdoprnt.o
 .data          0x0011de20        0x0 binaries/fgetc.o
 .data          0x0011de20        0x0 binaries/fgets.o
 .data          0x0011de20        0x0 binaries/fprintf.o
 .data          0x0011de20        0x0 binaries/fputc.o
 .data          0x0011de20        0x0 binaries/fputs.o
 .data          0x0011de20        0x0 binaries/fscanf.o
 .data          0x0011de20        0x0 binaries/getchar.o
 .data          0x0011de20        0x0 binaries/labs.o
 .data          0x0011de20        0x0 binaries/memcmp.o
 .data          0x0011de20        0x0 binaries/memcpy.o
 .data          0x0011de20        0x0 binaries/memset.o
 .data          0x0011de20        0x0 binaries/printf.o
 .data          0x0011de20        0x0 binaries/putchar.o
 .data          0x0011de20        0x0 binaries/qsort.o
 .data          0x0011de20        0x4 binaries/rand.o
 .data          0x0011de24        0x0 binaries/sprintf.o
 .data          0x0011de24        0x0 binaries/sscanf.o
 .data          0x0011de24        0x0 binaries/strchr.o
 .data          0x0011de24        0x0 binaries/strcmp.o
 .data          0x0011de24        0x0 binaries/strcpy.o
 .data          0x0011de24        0x0 binaries/strlen.o
 .data          0x0011de24        0x0 binaries/strncat.o
 .data          0x0011de24        0x0 binaries/strncmp.o
 .data          0x0011de24        0x0 binaries/strncpy.o
 .data          0x0011de24        0x0 binaries/strnlen.o
 .data          0x0011de24        0x0 binaries/strrchr.o
 .data          0x0011de24        0x0 binaries/strstr.o
 .data          0x0011de24        0x0 binaries/ttycontrol.o
 .data          0x0011de24        0x0 binaries/ttygetc.o
 .data          0x0011de24        0x0 binaries/ttyhandle_in.o
 .data          0x0011de24        0x0 binaries/ttyhandle_out.o
 .data          0x0011de24        0x0 binaries/ttyhandler.o
 .data          0x0011de24        0x0 binaries/ttyinit.o
 .data          0x0011de24        0x0 binaries/ttykickout.o
 .data          0x0011de24        0x0 binaries/ttyputc.o
 .data          0x0011de24        0x0 binaries/ttyread.o
 .data          0x0011de24        0x0 binaries/ttywrite.o
 .data          0x0011de24        0x0 binaries/mount.o
 .data          0x0011de24        0x0 binaries/naminit.o
 .data          0x0011de24        0x0 binaries/nammap.o
 .data          0x0011de24        0x0 binaries/namopen.o
 .data          0x0011de24        0x0 binaries/82545EMInit.o
 .data          0x0011de24        0x0 binaries/ethcontrol.o
 .data          0x0011de24        0x0 binaries/ethhandler.o
 .data          0x0011de24        0x0 binaries/ethinit.o
 .data          0x0011de24        0x0 binaries/ethread.o
 .data          0x0011de24        0x0 binaries/ethwrite.o
 .data          0x0011de24        0x0 binaries/rdsars.o
 .data          0x0011de24        0x0 binaries/rdscomm.o
 .data          0x0011de24        0x0 binaries/rdscontrol.o
 .data          0x0011de24        0x0 binaries/rdsinit.o
 .data          0x0011de24        0x0 binaries/rdsopen.o
 .data          0x0011de24        0x0 binaries/rdsprocess.o
 .data          0x0011de24        0x0 binaries/rdsqfcns.o
 .data          0x0011de24        0x0 binaries/rdsread.o
 .data          0x0011de24        0x0 binaries/rdswrite.o
 .data          0x0011de24        0x0 binaries/ramclose.o
 .data          0x0011de24        0x0 binaries/raminit.o
 .data          0x0011de24        0x0 binaries/ramopen.o
 .data          0x0011de24        0x0 binaries/ramread.o
 .data          0x0011de24        0x0 binaries/ramwrite.o
 .data          0x0011de24        0x0 binaries/lfdballoc.o
 .data          0x0011de24        0x0 binaries/lfdbfree.o
 .data          0x0011de24        0x0 binaries/lfflush.o
 .data          0x0011de24        0x0 binaries/lfgetmode.o
 .data          0x0011de24        0x0 binaries/lfiballoc.o
 .data          0x0011de24        0x0 binaries/lfibclear.o
 .data          0x0011de24        0x0 binaries/lfibget.o
 .data          0x0011de24        0x0 binaries/lfibput.o
 .data          0x0011de24        0x0 binaries/lflclose.o
 .data          0x0011de24        0x0 binaries/lflcontrol.o
 .data          0x0011de24        0x0 binaries/lflgetc.o
 .data          0x0011de24        0x0 binaries/lflinit.o
 .data          0x0011de24        0x0 binaries/lflputc.o
 .data          0x0011de24        0x0 binaries/lflread.o
 .data          0x0011de24        0x0 binaries/lflseek.o
 .data          0x0011de24        0x0 binaries/lflwrite.o
 .data          0x0011de24        0x0 binaries/lfscheck.o
 .data          0x0011de24        0x0 binaries/lfsckfmt.o
 .data          0x0011de24        0x0 binaries/lfscreate.o
 .data          0x0011de24        0x0 binaries/lfsetup.o
 .data          0x0011de24        0x0 binaries/lfsinit.o
 .data          0x0011de24        0x0 binaries/lfsopen.o
 .data          0x0011de24        0x0 binaries/lftruncate.o
 .data          0x0011de24        0x0 binaries/rflclose.o
 .data          0x0011de24        0x0 binaries/rflgetc.o
 .data          0x0011de24        0x0 binaries/rflinit.o
 .data          0x0011de24        0x0 binaries/rflputc.o
 .data          0x0011de24        0x0 binaries/rflread.o
 .data          0x0011de24        0x0 binaries/rflseek.o
 .data          0x0011de24        0x0 binaries/rflwrite.o
 .data          0x0011de24        0x0 binaries/rfscomm.o
 .data          0x0011de24        0x0 binaries/rfscontrol.o
 .data          0x0011de24        0x0 binaries/rfsgetmode.o
 .data          0x0011de24        0x0 binaries/rfsinit.o
 .data          0x0011de24        0x0 binaries/rfsndmsg.o
 .data          0x0011de24        0x0 binaries/rfsopen.o
 .data          0x0011de24        0x0 binaries/pipe_close.o
 .data          0x0011de24        0x0 binaries/pipe_getc.o
 .data          0x0011de24        0x0 binaries/pipe_init.o
 .data          0x0011de24        0x0 binaries/pipe_open.o
 .data          0x0011de24        0x0 binaries/pipe_putc.o
 .data          0x0011de24        0x0 binaries/pipe_read.o
 .data          0x0011de24        0x0 binaries/pipe_write.o
 .data          0x0011de24        0x0 binaries/arp.o
 .data          0x0011de24        0x0 binaries/dhcp.o
 .data          0x0011de24        0x0 binaries/dns.o
 .data          0x0011de24        0x0 binaries/dot2ip.o
 .data          0x0011de24        0x0 binaries/hexdump.o
 .data          0x0011de24        0x4 binaries/icmp.o
 .data          0x0011de28        0x0 binaries/ip.o
 .data          0x0011de28        0x0 binaries/net.o
 .data          0x0011de28        0x0 binaries/pdump.o
 .data          0x0011de28        0x0 binaries/tftp.o
 .data          0x0011de28        0x4 binaries/udp.o
 .data          0x0011de2c        0x0 binaries/addargs.o
 .data          0x0011de2c        0x0 binaries/hello1.o
 .data          0x0011de2c        0x0 binaries/lexan.o
 .data          0x0011de2c        0x4 binaries/shell.o
                0x0011de2c                ncmd
 .data          0x0011de30        0x0 binaries/xsh_argecho.o
 .data          0x0011de30        0x0 binaries/xsh_arp.o
 .data          0x0011de30        0x0 binaries/xsh_cat.o
 .data          0x0011de30        0x0 binaries/xsh_clear.o
 .data          0x0011de30        0x0 binaries/xsh_date.o
 .data          0x0011de30        0x0 binaries/xsh_devdump.o
 .data          0x0011de30        0x0 binaries/xsh_echo.o
 .data          0x0011de30        0x0 binaries/xsh_exit.o
 .data          0x0011de30        0x0 binaries/xsh_help.o
 .data          0x0011de30        0x0 binaries/xsh_kill.o
 .data          0x0011de30        0x0 binaries/xsh_ls.o
 .data          0x0011de30        0x0 binaries/xsh_memdump.o
 .data          0x0011de30        0x0 binaries/xsh_memstat.o
 .data          0x0011de30        0x0 binaries/xsh_netinfo.o
 .data          0x0011de30        0x0 binaries/xsh_ns.o
 .data          0x0011de30        0x0 binaries/xsh_ping.o
 .data          0x0011de30        0x0 binaries/xsh_ps.o
 .data          0x0011de30        0x0 binaries/xsh_sleep.o
 .data          0x0011de30        0x0 binaries/xsh_tee.o
 .data          0x0011de30        0x0 binaries/xsh_udpdump.o
 .data          0x0011de30        0x0 binaries/xsh_udpecho.o
 .data          0x0011de30        0x0 binaries/xsh_udpserver.o
 .data          0x0011de30        0x0 binaries/xsh_uptime.o
 .data          0x0011de30        0x0 binaries/clkdisp.o
 .data          0x0011de30        0x0 binaries/ctxsw.o
 .data          0x0011de30        0x0 binaries/intr.o
 .data          0x0011de30        0x0 binaries/ttydispatch.o
 .data          0x0011de30        0x0 binaries/ethdispatch.o
                0x0011de30                        edata = ABSOLUTE (.)
                0x0011de30                        _edata = ABSOLUTE (.)
                0x0011e000                        . = ALIGN (0x1000)
 *fill*         0x0011de30      0x1d0 

.got            0x0011e000        0x0
 .got           0x0011e000        0x0 binaries/start.o

.got.plt        0x0011e000        0x0
 .got.plt       0x0011e000        0x0 binaries/start.o

.igot.plt       0x0011e000        0x0
 .igot.plt      0x0011e000        0x0 binaries/start.o

.bss            0x0011e000    0x24000
                0x0011e000                        bss = ABSOLUTE (.)
 *(.bss .bss.*)
 .bss           0x0011e000        0x0 binaries/start.o
 .bss           0x0011e000        0x0 binaries/ascdate.o
 .bss           0x0011e000       0xa4 binaries/bufinit.o
                0x0011e000                buftab
                0x0011e0a0                nbpools
 .bss           0x0011e0a4        0x0 binaries/chprio.o
 .bss           0x0011e0a4        0x0 binaries/clkhandler.o
 .bss           0x0011e0a4       0x10 binaries/clkinit.o
                0x0011e0a4                clktime
                0x0011e0a8                ctr1000
                0x0011e0ac                sleepq
                0x0011e0b0                preempt
 .bss           0x0011e0b4        0x0 binaries/close.o
 .bss           0x0011e0b4        0x0 binaries/conf.o
 .bss           0x0011e0b4        0x0 binaries/control.o
 .bss           0x0011e0b4        0x0 binaries/create.o
 .bss           0x0011e0b4        0x8 binaries/evec.o
                0x0011e0b4                girmask
 .bss           0x0011e0bc        0x0 binaries/exit.o
 .bss           0x0011e0bc        0x0 binaries/freebuf.o
 .bss           0x0011e0bc        0x0 binaries/freemem.o
 .bss           0x0011e0bc        0x0 binaries/getbuf.o
 .bss           0x0011e0bc        0x0 binaries/getc.o
 .bss           0x0011e0bc        0x0 binaries/getdev.o
 .bss           0x0011e0bc        0x0 binaries/getitem.o
 .bss           0x0011e0bc        0x0 binaries/getmem.o
 .bss           0x0011e0bc        0x0 binaries/getpid.o
 .bss           0x0011e0bc        0x0 binaries/getprio.o
 .bss           0x0011e0bc        0x0 binaries/getstk.o
 .bss           0x0011e0bc        0x0 binaries/getticks.o
 .bss           0x0011e0bc        0x0 binaries/gettime.o
 .bss           0x0011e0bc        0x0 binaries/getutime.o
 .bss           0x0011e0bc        0x4 binaries/i386.o
                0x0011e0bc                initsp
 .bss           0x0011e0c0        0x0 binaries/init.o
 .bss           0x0011e0c0     0x1aa0 binaries/initialize.o
                0x0011e0c0                proctab
                0x0011f6a0                semtab
                0x0011fb50                memlist
                0x0011fb58                prcount
                0x0011fb5c                currpid
 .bss           0x0011fb60        0x0 binaries/insert.o
 .bss           0x0011fb60        0x0 binaries/insertd.o
 .bss           0x0011fb60        0x0 binaries/ioerr.o
 .bss           0x0011fb60        0x0 binaries/ionull.o
 .bss           0x0011fb60        0x0 binaries/kill.o
 .bss           0x0011fb60        0x0 binaries/kprintf.o
 .bss           0x0011fb60        0x0 binaries/main.o
 .bss           0x0011fb60       0x58 binaries/mark.o
                0x0011fb60                marks
                0x0011fbb0                nmarks
                0x0011fbb4                mkmutex
 .bss           0x0011fbb8        0x8 binaries/meminit.o
                0x0011fbb8                minheap
                0x0011fbbc                maxheap
 .bss           0x0011fbc0        0x0 binaries/mkbufpool.o
 .bss           0x0011fbc0        0x0 binaries/newqueue.o
 .bss           0x0011fbc0        0x0 binaries/open.o
 .bss           0x0011fbc0        0x0 binaries/panic.o
 .bss           0x0011fbc0        0xc binaries/pci.o
 .bss           0x0011fbcc        0x0 binaries/ptclear.o
 .bss           0x0011fbcc        0x0 binaries/ptcount.o
 .bss           0x0011fbcc        0x0 binaries/ptcreate.o
 .bss           0x0011fbcc        0x0 binaries/ptdelete.o
 *fill*         0x0011fbcc       0x14 
 .bss           0x0011fbe0      0x2f4 binaries/ptinit.o
                0x0011fbe0                ptfree
                0x0011fc00                porttab
                0x0011fed0                ptnextid
 .bss           0x0011fed4        0x0 binaries/ptrecv.o
 .bss           0x0011fed4        0x0 binaries/ptreset.o
 .bss           0x0011fed4        0x0 binaries/ptsend.o
 .bss           0x0011fed4        0x0 binaries/putc.o
 *fill*         0x0011fed4        0xc 
 .bss           0x0011fee0      0x980 binaries/queue.o
                0x0011fee0                queuetab
 .bss           0x00120860        0x0 binaries/read.o
 .bss           0x00120860        0x2 binaries/ready.o
                0x00120860                readylist
 .bss           0x00120862        0x0 binaries/receive.o
 .bss           0x00120862        0x0 binaries/recvclr.o
 .bss           0x00120862        0x0 binaries/recvtime.o
 *fill*         0x00120862        0x2 
 .bss           0x00120864        0x8 binaries/resched.o
                0x00120864                Defer
 .bss           0x0012086c        0x0 binaries/resume.o
 .bss           0x0012086c        0x0 binaries/seek.o
 .bss           0x0012086c        0x0 binaries/semcount.o
 .bss           0x0012086c        0x4 binaries/semcreate.o
 .bss           0x00120870        0x0 binaries/semdelete.o
 .bss           0x00120870        0x0 binaries/semreset.o
 .bss           0x00120870        0x0 binaries/send.o
 .bss           0x00120870        0x0 binaries/signal.o
 .bss           0x00120870        0x0 binaries/signaln.o
 .bss           0x00120870        0x0 binaries/sleep.o
 .bss           0x00120870        0x0 binaries/stacktrace.o
 .bss           0x00120870        0x0 binaries/suspend.o
 .bss           0x00120870        0x0 binaries/unsleep.o
 .bss           0x00120870        0x0 binaries/userret.o
 .bss           0x00120870        0x0 binaries/wait.o
 .bss           0x00120870        0x0 binaries/wakeup.o
 .bss           0x00120870        0x0 binaries/write.o
 .bss           0x00120870        0x0 binaries/xdone.o
 .bss           0x00120870        0x0 binaries/yield.o
 .bss           0x00120870        0x0 binaries/abs.o
 .bss           0x00120870        0x0 binaries/atoi.o
 .bss           0x00120870        0x0 binaries/atol.o
 .bss           0x00120870        0x0 binaries/bzero.o
 .bss           0x00120870        0x0 binaries/ctype_.o
 .bss           0x00120870        0x0 binaries/doprnt.o
 .bss           0x00120870        0x0 binaries/doscan.o
 .bss           0x00120870        0x0 binaries/fdoprnt.o
 .bss           0x00120870        0x0 binaries/fgetc.o
 .bss           0x00120870        0x0 binaries/fgets.o
 .bss           0x00120870        0x0 binaries/fprintf.o
 .bss           0x00120870        0x0 binaries/fputc.o
 .bss           0x00120870        0x0 binaries/fputs.o
 .bss           0x00120870        0x0 binaries/fscanf.o
 .bss           0x00120870        0x0 binaries/getchar.o
 .bss           0x00120870        0x0 binaries/labs.o
 .bss           0x00120870        0x0 binaries/memcmp.o
 .bss           0x00120870        0x0 binaries/memcpy.o
 .bss           0x00120870        0x0 binaries/memset.o
 .bss           0x00120870        0x0 binaries/printf.o
 .bss           0x00120870        0x0 binaries/putchar.o
 .bss           0x00120870        0x8 binaries/qsort.o
 .bss           0x00120878        0x0 binaries/rand.o
 .bss           0x00120878        0x0 binaries/sprintf.o
 .bss           0x00120878        0x0 binaries/sscanf.o
 .bss           0x00120878        0x0 binaries/strchr.o
 .bss           0x00120878        0x0 binaries/strcmp.o
 .bss           0x00120878        0x0 binaries/strcpy.o
 .bss           0x00120878        0x0 binaries/strlen.o
 .bss           0x00120878        0x0 binaries/strncat.o
 .bss           0x00120878        0x0 binaries/strncmp.o
 .bss           0x00120878        0x0 binaries/strncpy.o
 .bss           0x00120878        0x0 binaries/strnlen.o
 .bss           0x00120878        0x0 binaries/strrchr.o
 .bss           0x00120878        0x0 binaries/strstr.o
 .bss           0x00120878        0x0 binaries/ttycontrol.o
 .bss           0x00120878        0x0 binaries/ttygetc.o
 .bss           0x00120878        0x0 binaries/ttyhandle_in.o
 .bss           0x00120878        0x0 binaries/ttyhandle_out.o
 .bss           0x00120878        0x0 binaries/ttyhandler.o
 *fill*         0x00120878        0x8 
 .bss           0x00120880      0x110 binaries/ttyinit.o
                0x00120880                ttytab
 .bss           0x00120990        0x0 binaries/ttykickout.o
 .bss           0x00120990        0x0 binaries/ttyputc.o
 .bss           0x00120990        0x0 binaries/ttyread.o
 .bss           0x00120990        0x0 binaries/ttywrite.o
 .bss           0x00120990        0x0 binaries/mount.o
 *fill*         0x00120990       0x10 
 .bss           0x001209a0     0x5204 binaries/naminit.o
                0x001209a0                nametab
                0x00125ba0                nnames
 .bss           0x00125ba4        0x0 binaries/nammap.o
 .bss           0x00125ba4        0x0 binaries/namopen.o
 .bss           0x00125ba4        0x0 binaries/82545EMInit.o
 .bss           0x00125ba4        0x0 binaries/ethcontrol.o
 .bss           0x00125ba4        0x0 binaries/ethhandler.o
 *fill*         0x00125ba4       0x1c 
 .bss           0x00125bc0      0x130 binaries/ethinit.o
                0x00125bc0                ethertab
 .bss           0x00125cf0        0x0 binaries/ethread.o
 .bss           0x00125cf0        0x0 binaries/ethwrite.o
 .bss           0x00125cf0        0x0 binaries/rdsars.o
 .bss           0x00125cf0        0x0 binaries/rdscomm.o
 .bss           0x00125cf0        0x0 binaries/rdscontrol.o
 *fill*         0x00125cf0       0x10 
 .bss           0x00125d00      0x6c0 binaries/rdsinit.o
                0x00125d00                rdstab
 .bss           0x001263c0        0x0 binaries/rdsopen.o
 .bss           0x001263c0        0x0 binaries/rdsprocess.o
 .bss           0x001263c0        0x0 binaries/rdsqfcns.o
 .bss           0x001263c0        0x0 binaries/rdsread.o
 .bss           0x001263c0        0x0 binaries/rdswrite.o
 .bss           0x001263c0        0x0 binaries/ramclose.o
 .bss           0x001263c0    0x19000 binaries/raminit.o
                0x001263c0                Ram
 .bss           0x0013f3c0        0x0 binaries/ramopen.o
 .bss           0x0013f3c0        0x0 binaries/ramread.o
 .bss           0x0013f3c0        0x0 binaries/ramwrite.o
 .bss           0x0013f3c0        0x0 binaries/lfdballoc.o
 .bss           0x0013f3c0        0x0 binaries/lfdbfree.o
 .bss           0x0013f3c0        0x0 binaries/lfflush.o
 .bss           0x0013f3c0        0x0 binaries/lfgetmode.o
 .bss           0x0013f3c0        0x0 binaries/lfiballoc.o
 .bss           0x0013f3c0        0x0 binaries/lfibclear.o
 .bss           0x0013f3c0        0x0 binaries/lfibget.o
 .bss           0x0013f3c0        0x0 binaries/lfibput.o
 .bss           0x0013f3c0        0x0 binaries/lflclose.o
 .bss           0x0013f3c0        0x0 binaries/lflcontrol.o
 .bss           0x0013f3c0        0x0 binaries/lflgetc.o
 .bss           0x0013f3c0      0xf00 binaries/lflinit.o
                0x0013f3c0                lfltab
 .bss           0x001402c0        0x0 binaries/lflputc.o
 .bss           0x001402c0        0x0 binaries/lflread.o
 .bss           0x001402c0        0x0 binaries/lflseek.o
 .bss           0x001402c0        0x0 binaries/lflwrite.o
 .bss           0x001402c0        0x0 binaries/lfscheck.o
 .bss           0x001402c0        0x0 binaries/lfsckfmt.o
 .bss           0x001402c0        0x0 binaries/lfscreate.o
 .bss           0x001402c0        0x0 binaries/lfsetup.o
 .bss           0x001402c0      0x20c binaries/lfsinit.o
                0x001402c0                Lf_data
 .bss           0x001404cc        0x0 binaries/lfsopen.o
 .bss           0x001404cc        0x0 binaries/lftruncate.o
 .bss           0x001404cc        0x0 binaries/rflclose.o
 .bss           0x001404cc        0x0 binaries/rflgetc.o
 *fill*         0x001404cc       0x14 
 .bss           0x001404e0      0x5a0 binaries/rflinit.o
                0x001404e0                rfltab
 .bss           0x00140a80        0x0 binaries/rflputc.o
 .bss           0x00140a80        0x0 binaries/rflread.o
 .bss           0x00140a80        0x0 binaries/rflseek.o
 .bss           0x00140a80        0x0 binaries/rflwrite.o
 .bss           0x00140a80        0x0 binaries/rfscomm.o
 .bss           0x00140a80        0x0 binaries/rfscontrol.o
 .bss           0x00140a80        0x0 binaries/rfsgetmode.o
 .bss           0x00140a80       0x18 binaries/rfsinit.o
                0x00140a80                Rf_data
 .bss           0x00140a98        0x0 binaries/rfsndmsg.o
 .bss           0x00140a98        0x0 binaries/rfsopen.o
 .bss           0x00140a98        0x0 binaries/pipe_close.o
 .bss           0x00140a98        0x0 binaries/pipe_getc.o
 *fill*         0x00140a98        0x8 
 .bss           0x00140aa0      0x1e0 binaries/pipe_init.o
                0x00140aa0                pipetab
 .bss           0x00140c80        0x0 binaries/pipe_open.o
 .bss           0x00140c80        0x0 binaries/pipe_putc.o
 .bss           0x00140c80        0x0 binaries/pipe_read.o
 .bss           0x00140c80        0x0 binaries/pipe_write.o
 .bss           0x00140c80      0x140 binaries/arp.o
                0x00140c80                arpcache
 .bss           0x00140dc0        0x0 binaries/dhcp.o
 .bss           0x00140dc0        0x0 binaries/dns.o
 .bss           0x00140dc0        0x0 binaries/dot2ip.o
 .bss           0x00140dc0        0x0 binaries/hexdump.o
 .bss           0x00140dc0      0x230 binaries/icmp.o
                0x00140dc0                icmptab
 *fill*         0x00140ff0       0x10 
 .bss           0x00141000       0x2c binaries/ip.o
                0x00141000                ipoqueue
 *fill*         0x0014102c       0x14 
 .bss           0x00141040       0xc0 binaries/net.o
                0x00141040                NetData
                0x001410f0                netbufpool
                0x001410f8                netportseed
 .bss           0x00141100        0x0 binaries/pdump.o
 .bss           0x00141100        0x0 binaries/tftp.o
 .bss           0x00141100      0x168 binaries/udp.o
                0x00141100                udptab
 .bss           0x00141268        0x0 binaries/addargs.o
 .bss           0x00141268        0x0 binaries/hello1.o
 .bss           0x00141268        0x0 binaries/lexan.o
 .bss           0x00141268        0x0 binaries/shell.o
 .bss           0x00141268        0x0 binaries/xsh_argecho.o
 .bss           0x00141268        0x0 binaries/xsh_arp.o
 .bss           0x00141268        0x0 binaries/xsh_cat.o
 .bss           0x00141268        0x0 binaries/xsh_clear.o
 .bss           0x00141268        0x0 binaries/xsh_date.o
 .bss           0x00141268        0x0 binaries/xsh_devdump.o
 .bss           0x00141268        0x0 binaries/xsh_echo.o
 .bss           0x00141268        0x0 binaries/xsh_exit.o
 .bss           0x00141268        0x0 binaries/xsh_help.o
 .bss           0x00141268        0x0 binaries/xsh_kill.o
 .bss           0x00141268        0x0 binaries/xsh_ls.o
 .bss           0x00141268        0x0 binaries/xsh_memdump.o
 .bss           0x00141268        0x0 binaries/xsh_memstat.o
 .bss           0x00141268        0x0 binaries/xsh_netinfo.o
 .bss           0x00141268        0x0 binaries/xsh_ns.o
 .bss           0x00141268        0x4 binaries/xsh_ping.o
 .bss           0x0014126c        0x0 binaries/xsh_ps.o
 .bss           0x0014126c        0x0 binaries/xsh_sleep.o
 .bss           0x0014126c        0x0 binaries/xsh_tee.o
 .bss           0x0014126c        0x0 binaries/xsh_udpdump.o
 .bss           0x0014126c        0x0 binaries/xsh_udpecho.o
 .bss           0x0014126c        0x0 binaries/xsh_udpserver.o
 .bss           0x0014126c        0x0 binaries/xsh_uptime.o
 .bss           0x0014126c        0x0 binaries/clkdisp.o
 .bss           0x0014126c        0x0 binaries/ctxsw.o
 .bss           0x0014126c        0x0 binaries/intr.o
 .bss           0x0014126c        0x0 binaries/ttydispatch.o
 .bss           0x0014126c        0x0 binaries/ethdispatch.o
 *(COMMON)
                0x0014126c                        ebss = ABSOLUTE (.)
                0x00142000                        . = ALIGN (0x1000)
 *fill*         0x0014126c      0xd94 
 SORT_BY_NAME(REVERSE(*/))()
                0x00142000                        end = ABSOLUTE (.)
                0x00142000                        _end = ABSOLUTE (.)
                0x00142000                        . = ALIGN (0x1000)
LOAD binaries/start.o
LOAD binaries/ascdate.o
LOAD binaries/bufinit.o
LOAD binaries/chprio.o
LOAD binaries/clkhandler.o
LOAD binaries/clkinit.o
LOAD binaries/close.o
LOAD binaries/conf.o
LOAD binaries/control.o
LOAD binaries/create.o
LOAD binaries/evec.o
LOAD binaries/exit.o
LOAD binaries/freebuf.o
LOAD binaries/freemem.o
LOAD binaries/getbuf.o
LOAD binaries/getc.o
LOAD binaries/getdev.o
LOAD binaries/getitem.o
LOAD binaries/getmem.o
LOAD binaries/getpid.o
LOAD binaries/getprio.o
LOAD binaries/getstk.o
LOAD binaries/getticks.o
LOAD binaries/gettime.o
LOAD binaries/getutime.o
LOAD binaries/i386.o
LOAD binaries/init.o
LOAD binaries/initialize.o
LOAD binaries/insert.o
LOAD binaries/insertd.o
LOAD binaries/ioerr.o
LOAD binaries/ionull.o
LOAD binaries/kill.o
LOAD binaries/kprintf.o
LOAD binaries/main.o
LOAD binaries/mark.o
LOAD binaries/meminit.o
LOAD binaries/mkbufpool.o
LOAD binaries/newqueue.o
LOAD binaries/open.o
LOAD binaries/panic.o
LOAD binaries/pci.o
LOAD binaries/ptclear.o
LOAD binaries/ptcount.o
LOAD binaries/ptcreate.o
LOAD binaries/ptdelete.o
LOAD binaries/ptinit.o
LOAD binaries/ptrecv.o
LOAD binaries/ptreset.o
LOAD binaries/ptsend.o
LOAD binaries/putc.o
LOAD binaries/queue.o
LOAD binaries/read.o
LOAD binaries/ready.o
LOAD binaries/receive.o
LOAD binaries/recvclr.o
LOAD binaries/recvtime.o
LOAD binaries/resched.o
LOAD binaries/resume.o
LOAD binaries/seek.o
LOAD binaries/semcount.o
LOAD binaries/semcreate.o
LOAD binaries/semdelete.o
LOAD binaries/semreset.o
LOAD binaries/send.o
LOAD binaries/signal.o
LOAD binaries/signaln.o
LOAD binaries/sleep.o
LOAD binaries/stacktrace.o
LOAD binaries/suspend.o
LOAD binaries/unsleep.o
LOAD binaries/userret.o
LOAD binaries/wait.o
LOAD binaries/wakeup.o
LOAD binaries/write.o
LOAD binaries/xdone.o
LOAD binaries/yield.o
LOAD binaries/abs.o
LOAD binaries/atoi.o
LOAD binaries/atol.o
LOAD binaries/bzero.o
LOAD binaries/ctype_.o
LOAD binaries/doprnt.o
LOAD binaries/doscan.o
LOAD binaries/fdoprnt.o
LOAD binaries/fgetc.o
LOAD binaries/fgets.o
LOAD binaries/fprintf.o
LOAD binaries/fputc.o
LOAD binaries/fputs.o
LOAD binaries/fscanf.o
LOAD binaries/getchar.o
LOAD binaries/labs.o
LOAD binaries/memcmp.o
LOAD binaries/memcpy.o
LOAD binaries/memset.o
LOAD binaries/printf.o
LOAD binaries/putchar.o
LOAD binaries/qsort.o
LOAD binaries/rand.o
LOAD binaries/sprintf.o
LOAD binaries/sscanf.o
LOAD binaries/strchr.o
LOAD binaries/strcmp.o
LOAD binaries/strcpy.o
LOAD binaries/strlen.o
LOAD binaries/strncat.o
LOAD binaries/strncmp.o
LOAD binaries/strncpy.o
LOAD binaries/strnlen.o
LOAD binaries/strrchr.o
LOAD binaries/strstr.o
LOAD binaries/ttycontrol.o
LOAD binaries/ttygetc.o
LOAD binaries/ttyhandle_in.o
LOAD binaries/ttyhandle_out.o
LOAD binaries/ttyhandler.o
LOAD binaries/ttyinit.o
LOAD binaries/ttykickout.o
LOAD binaries/ttyputc.o
LOAD binaries/ttyread.o
LOAD binaries/ttywrite.o
LOAD binaries/mount.o
LOAD binaries/naminit.o
LOAD binaries/nammap.o
LOAD binaries/namopen.o
LOAD binaries/82545EMInit.o
LOAD binaries/ethcontrol.o
LOAD binaries/ethhandler.o
LOAD binaries/ethinit.o
LOAD binaries/ethread.o
LOAD binaries/ethwrite.o
LOAD binaries/rdsars.o
LOAD binaries/rdscomm.o
LOAD binaries/rdscontrol.o
LOAD binaries/rdsinit.o
LOAD binaries/rdsopen.o
LOAD binaries/rdsprocess.o
LOAD binaries/rdsqfcns.o
LOAD binaries/rdsread.o
LOAD binaries/rdswrite.o
LOAD binaries/ramclose.o
LOAD binaries/raminit.o
LOAD binaries/ramopen.o
LOAD binaries/ramread.o
LOAD binaries/ramwrite.o
LOAD binaries/lfdballoc.o
LOAD binaries/lfdbfree.o
LOAD binaries/lfflush.o
LOAD binaries/lfgetmode.o
LOAD binaries/lfiballoc.o
LOAD binaries/lfibclear.o
LOAD binaries/lfibget.o
LOAD binaries/lfibput.o
LOAD binaries/lflclose.o
LOAD binaries/lflcontrol.o
LOAD binaries/lflgetc.o
LOAD binaries/lflinit.o
LOAD binaries/lflputc.o
LOAD binaries/lflread.o
LOAD binaries/lflseek.o
LOAD binaries/lflwrite.o
LOAD binaries/lfscheck.o
LOAD binaries/lfsckfmt.o
LOAD binaries/lfscreate.o
LOAD binaries/lfsetup.o
LOAD binaries/lfsinit.o
LOAD binaries/lfsopen.o
LOAD binaries/lftruncate.o
LOAD binaries/rflclose.o
LOAD binaries/rflgetc.o
LOAD binaries/rflinit.o
LOAD binaries/rflputc.o
LOAD binaries/rflread.o
LOAD binaries/rflseek.o
LOAD binaries/rflwrite.o
LOAD binaries/rfscomm.o
LOAD binaries/rfscontrol.o
LOAD binaries/rfsgetmode.o
LOAD binaries/rfsinit.o
LOAD binaries/rfsndmsg.o
LOAD binaries/rfsopen.o
LOAD binaries/pipe_close.o
LOAD binaries/pipe_getc.o
LOAD binaries/pipe_init.o
LOAD binaries/pipe_open.o
LOAD binaries/pipe_putc.o
LOAD binaries/pipe_read.o
LOAD binaries/pipe_write.o
LOAD binaries/arp.o
LOAD binaries/dhcp.o
LOAD binaries/dns.o
LOAD binaries/dot2ip.o
LOAD binaries/hexdump.o
LOAD binaries/icmp.o
LOAD binaries/ip.o
LOAD binaries/net.o
LOAD binaries/pdump.o
LOAD binaries/tftp.o
LOAD binaries/udp.o
LOAD binaries/addargs.o
LOAD binaries/hello1.o
LOAD binaries/lexan.o
LOAD binaries/shell.o
LOAD binaries/xsh_argecho.o
LOAD binaries/xsh_arp.o
LOAD binaries/xsh_cat.o
LOAD binaries/xsh_clear.o
LOAD binaries/xsh_date.o
LOAD binaries/xsh_devdump.o
LOAD binaries/xsh_echo.o
LOAD binaries/xsh_exit.o
LOAD binaries/xsh_help.o
LOAD binaries/xsh_kill.o
LOAD binaries/xsh_ls.o
LOAD binaries/xsh_memdump.o
LOAD binaries/xsh_memstat.o
LOAD binaries/xsh_netinfo.o
LOAD binaries/xsh_ns.o
LOAD binaries/xsh_ping.o
LOAD binaries/xsh_ps.o
LOAD binaries/xsh_sleep.o
LOAD binaries/xsh_tee.o
LOAD binaries/xsh_udpdump.o
LOAD binaries/xsh_udpecho.o
LOAD binaries/xsh_udpserver.o
LOAD binaries/xsh_uptime.o
LOAD binaries/clkdisp.o
LOAD binaries/ctxsw.o
LOAD binaries/intr.o
LOAD binaries/ttydispatch.o
LOAD binaries/ethdispatch.o
OUTPUT(../compile/xinu.elf elf32-i386)

.comment        0x00000000       0x12
 .comment       0x00000000       0x12 binaries/ascdate.o
                                 0x13 (size before relaxing)
 .comment       0x00000012       0x13 binaries/bufinit.o
 .comment       0x00000012       0x13 binaries/chprio.o
 .comment       0x00000012       0x13 binaries/clkhandler.o
 .comment       0x00000012       0x13 binaries/clkinit.o
 .comment       0x00000012       0x13 binaries/close.o
 .comment       0x00000012       0x13 binaries/conf.o
 .comment       0x00000012       0x13 binaries/control.o
 .comment       0x00000012       0x13 binaries/create.o
 .comment       0x00000012       0x13 binaries/evec.o
 .comment       0x00000012       0x13 binaries/exit.o
 .comment       0x00000012       0x13 binaries/freebuf.o
 .comment       0x00000012       0x13 binaries/freemem.o
 .comment       0x00000012       0x13 binaries/getbuf.o
 .comment       0x00000012       0x13 binaries/getc.o
 .comment       0x00000012       0x13 binaries/getdev.o
 .comment       0x00000012       0x13 binaries/getitem.o
 .comment       0x00000012       0x13 binaries/getmem.o
 .comment       0x00000012       0x13 binaries/getpid.o
 .comment       0x00000012       0x13 binaries/getprio.o
 .comment       0x00000012       0x13 binaries/getstk.o
 .comment       0x00000012       0x13 binaries/getticks.o
 .comment       0x00000012       0x13 binaries/gettime.o
 .comment       0x00000012       0x13 binaries/getutime.o
 .comment       0x00000012       0x13 binaries/i386.o
 .comment       0x00000012       0x13 binaries/init.o
 .comment       0x00000012       0x13 binaries/initialize.o
 .comment       0x00000012       0x13 binaries/insert.o
 .comment       0x00000012       0x13 binaries/insertd.o
 .comment       0x00000012       0x13 binaries/ioerr.o
 .comment       0x00000012       0x13 binaries/ionull.o
 .comment       0x00000012       0x13 binaries/kill.o
 .comment       0x00000012       0x13 binaries/kprintf.o
 .comment       0x00000012       0x13 binaries/main.o
 .comment       0x00000012       0x13 binaries/mark.o
 .comment       0x00000012       0x13 binaries/meminit.o
 .comment       0x00000012       0x13 binaries/mkbufpool.o
 .comment       0x00000012       0x13 binaries/newqueue.o
 .comment       0x00000012       0x13 binaries/open.o
 .comment       0x00000012       0x13 binaries/panic.o
 .comment       0x00000012       0x13 binaries/pci.o
 .comment       0x00000012       0x13 binaries/ptclear.o
 .comment       0x00000012       0x13 binaries/ptcount.o
 .comment       0x00000012       0x13 binaries/ptcreate.o
 .comment       0x00000012       0x13 binaries/ptdelete.o
 .comment       0x00000012       0x13 binaries/ptinit.o
 .comment       0x00000012       0x13 binaries/ptrecv.o
 .comment       0x00000012       0x13 binaries/ptreset.o
 .comment       0x00000012       0x13 binaries/ptsend.o
 .comment       0x00000012       0x13 binaries/putc.o
 .comment       0x00000012       0x13 binaries/queue.o
 .comment       0x00000012       0x13 binaries/read.o
 .comment       0x00000012       0x13 binaries/ready.o
 .comment       0x00000012       0x13 binaries/receive.o
 .comment       0x00000012       0x13 binaries/recvclr.o
 .comment       0x00000012       0x13 binaries/recvtime.o
 .comment       0x00000012       0x13 binaries/resched.o
 .comment       0x00000012       0x13 binaries/resume.o
 .comment       0x00000012       0x13 binaries/seek.o
 .comment       0x00000012       0x13 binaries/semcount.o
 .comment       0x00000012       0x13 binaries/semcreate.o
 .comment       0x00000012       0x13 binaries/semdelete.o
 .comment       0x00000012       0x13 binaries/semreset.o
 .comment       0x00000012       0x13 binaries/send.o
 .comment       0x00000012       0x13 binaries/signal.o
 .comment       0x00000012       0x13 binaries/signaln.o
 .comment       0x00000012       0x13 binaries/sleep.o
 .comment       0x00000012       0x13 binaries/stacktrace.o
 .comment       0x00000012       0x13 binaries/suspend.o
 .comment       0x00000012       0x13 binaries/unsleep.o
 .comment       0x00000012       0x13 binaries/userret.o
 .comment       0x00000012       0x13 binaries/wait.o
 .comment       0x00000012       0x13 binaries/wakeup.o
 .comment       0x00000012       0x13 binaries/write.o
 .comment       0x00000012       0x13 binaries/xdone.o
 .comment       0x00000012       0x13 binaries/yield.o
 .comment       0x00000012       0x13 binaries/abs.o
 .comment       0x00000012       0x13 binaries/atoi.o
 .comment       0x00000012       0x13 binaries/atol.o
 .comment       0x00000012       0x13 binaries/bzero.o
 .comment       0x00000012       0x13 binaries/ctype_.o
 .comment       0x00000012       0x13 binaries/doprnt.o
 .comment       0x00000012       0x13 binaries/doscan.o
 .comment       0x00000012       0x13 binaries/fdoprnt.o
 .comment       0x00000012       0x13 binaries/fgetc.o
 .comment       0x00000012       0x13 binaries/fgets.o
 .comment       0x00000012       0x13 binaries/fprintf.o
 .comment       0x00000012       0x13 binaries/fputc.o
 .comment       0x00000012       0x13 binaries/fputs.o
 .comment       0x00000012       0x13 binaries/fscanf.o
 .comment       0x00000012       0x13 binaries/getchar.o
 .comment       0x00000012       0x13 binaries/labs.o
 .comment       0x00000012       0x13 binaries/memcmp.o
 .comment       0x00000012       0x13 binaries/memcpy.o
 .comment       0x00000012       0x13 binaries/memset.o
 .comment       0x00000012       0x13 binaries/printf.o
 .comment       0x00000012       0x13 binaries/putchar.o
 .comment       0x00000012       0x13 binaries/qsort.o
 .comment       0x00000012       0x13 binaries/rand.o
 .comment       0x00000012       0x13 binaries/sprintf.o
 .comment       0x00000012       0x13 binaries/sscanf.o
 .comment       0x00000012       0x13 binaries/strchr.o
 .comment       0x00000012       0x13 binaries/strcmp.o
 .comment       0x00000012       0x13 binaries/strcpy.o
 .comment       0x00000012       0x13 binaries/strlen.o
 .comment       0x00000012       0x13 binaries/strncat.o
 .comment       0x00000012       0x13 binaries/strncmp.o
 .comment       0x00000012       0x13 binaries/strncpy.o
 .comment       0x00000012       0x13 binaries/strnlen.o
 .comment       0x00000012       0x13 binaries/strrchr.o
 .comment       0x00000012       0x13 binaries/strstr.o
 .comment       0x00000012       0x13 binaries/ttycontrol.o
 .comment       0x00000012       0x13 binaries/ttygetc.o
 .comment       0x00000012       0x13 binaries/ttyhandle_in.o
 .comment       0x00000012       0x13 binaries/ttyhandle_out.o
 .comment       0x00000012       0x13 binaries/ttyhandler.o
 .comment       0x00000012       0x13 binaries/ttyinit.o
 .comment       0x00000012       0x13 binaries/ttykickout.o
 .comment       0x00000012       0x13 binaries/ttyputc.o
 .comment       0x00000012       0x13 binaries/ttyread.o
 .comment       0x00000012       0x13 binaries/ttywrite.o
 .comment       0x00000012       0x13 binaries/mount.o
 .comment       0x00000012       0x13 binaries/naminit.o
 .comment       0x00000012       0x13 binaries/nammap.o
 .comment       0x00000012       0x13 binaries/namopen.o
 .comment       0x00000012       0x13 binaries/82545EMInit.o
 .comment       0x00000012       0x13 binaries/ethcontrol.o
 .comment       0x00000012       0x13 binaries/ethhandler.o
 .comment       0x00000012       0x13 binaries/ethinit.o
 .comment       0x00000012       0x13 binaries/ethread.o
 .comment       0x00000012       0x13 binaries/ethwrite.o
 .comment       0x00000012       0x13 binaries/rdsars.o
 .comment       0x00000012       0x13 binaries/rdscomm.o
 .comment       0x00000012       0x13 binaries/rdscontrol.o
 .comment       0x00000012       0x13 binaries/rdsinit.o
 .comment       0x00000012       0x13 binaries/rdsopen.o
 .comment       0x00000012       0x13 binaries/rdsprocess.o
 .comment       0x00000012       0x13 binaries/rdsqfcns.o
 .comment       0x00000012       0x13 binaries/rdsread.o
 .comment       0x00000012       0x13 binaries/rdswrite.o
 .comment       0x00000012       0x13 binaries/ramclose.o
 .comment       0x00000012       0x13 binaries/raminit.o
 .comment       0x00000012       0x13 binaries/ramopen.o
 .comment       0x00000012       0x13 binaries/ramread.o
 .comment       0x00000012       0x13 binaries/ramwrite.o
 .comment       0x00000012       0x13 binaries/lfdballoc.o
 .comment       0x00000012       0x13 binaries/lfdbfree.o
 .comment       0x00000012       0x13 binaries/lfflush.o
 .comment       0x00000012       0x13 binaries/lfgetmode.o
 .comment       0x00000012       0x13 binaries/lfiballoc.o
 .comment       0x00000012       0x13 binaries/lfibclear.o
 .comment       0x00000012       0x13 binaries/lfibget.o
 .comment       0x00000012       0x13 binaries/lfibput.o
 .comment       0x00000012       0x13 binaries/lflclose.o
 .comment       0x00000012       0x13 binaries/lflcontrol.o
 .comment       0x00000012       0x13 binaries/lflgetc.o
 .comment       0x00000012       0x13 binaries/lflinit.o
 .comment       0x00000012       0x13 binaries/lflputc.o
 .comment       0x00000012       0x13 binaries/lflread.o
 .comment       0x00000012       0x13 binaries/lflseek.o
 .comment       0x00000012       0x13 binaries/lflwrite.o
 .comment       0x00000012       0x13 binaries/lfscheck.o
 .comment       0x00000012       0x13 binaries/lfsckfmt.o
 .comment       0x00000012       0x13 binaries/lfscreate.o
 .comment       0x00000012       0x13 binaries/lfsetup.o
 .comment       0x00000012       0x13 binaries/lfsinit.o
 .comment       0x00000012       0x13 binaries/lfsopen.o
 .comment       0x00000012       0x13 binaries/lftruncate.o
 .comment       0x00000012       0x13 binaries/rflclose.o
 .comment       0x00000012       0x13 binaries/rflgetc.o
 .comment       0x00000012       0x13 binaries/rflinit.o
 .comment       0x00000012       0x13 binaries/rflputc.o
 .comment       0x00000012       0x13 binaries/rflread.o
 .comment       0x00000012       0x13 binaries/rflseek.o
 .comment       0x00000012       0x13 binaries/rflwrite.o
 .comment       0x00000012       0x13 binaries/rfscomm.o
 .comment       0x00000012       0x13 binaries/rfscontrol.o
 .comment       0x00000012       0x13 binaries/rfsgetmode.o
 .comment       0x00000012       0x13 binaries/rfsinit.o
 .comment       0x00000012       0x13 binaries/rfsndmsg.o
 .comment       0x00000012       0x13 binaries/rfsopen.o
 .comment       0x00000012       0x13 binaries/pipe_close.o
 .comment       0x00000012       0x13 binaries/pipe_getc.o
 .comment       0x00000012       0x13 binaries/pipe_init.o
 .comment       0x00000012       0x13 binaries/pipe_open.o
 .comment       0x00000012       0x13 binaries/pipe_putc.o
 .comment       0x00000012       0x13 binaries/pipe_read.o
 .comment       0x00000012       0x13 binaries/pipe_write.o
 .comment       0x00000012       0x13 binaries/arp.o
 .comment       0x00000012       0x13 binaries/dhcp.o
 .comment       0x00000012       0x13 binaries/dns.o
 .comment       0x00000012       0x13 binaries/dot2ip.o
 .comment       0x00000012       0x13 binaries/hexdump.o
 .comment       0x00000012       0x13 binaries/icmp.o
 .comment       0x00000012       0x13 binaries/ip.o
 .comment       0x00000012       0x13 binaries/net.o
 .comment       0x00000012       0x13 binaries/pdump.o
 .comment       0x00000012       0x13 binaries/tftp.o
 .comment       0x00000012       0x13 binaries/udp.o
 .comment       0x00000012       0x13 binaries/addargs.o
 .comment       0x00000012       0x13 binaries/hello1.o
 .comment       0x00000012       0x13 binaries/lexan.o
 .comment       0x00000012       0x13 binaries/shell.o
 .comment       0x00000012       0x13 binaries/xsh_argecho.o
 .comment       0x00000012       0x13 binaries/xsh_arp.o
 .comment       0x00000012       0x13 binaries/xsh_cat.o
 .comment       0x00000012       0x13 binaries/xsh_clear.o
 .comment       0x00000012       0x13 binaries/xsh_date.o
 .comment       0x00000012       0x13 binaries/xsh_devdump.o
 .comment       0x00000012       0x13 binaries/xsh_echo.o
 .comment       0x00000012       0x13 binaries/xsh_exit.o
 .comment       0x00000012       0x13 binaries/xsh_help.o
 .comment       0x00000012       0x13 binaries/xsh_kill.o
 .comment       0x00000012       0x13 binaries/xsh_ls.o
 .comment       0x00000012       0x13 binaries/xsh_memdump.o
 .comment       0x00000012       0x13 binaries/xsh_memstat.o
 .comment       0x00000012       0x13 binaries/xsh_netinfo.o
 .comment       0x00000012       0x13 binaries/xsh_ns.o
 .comment       0x00000012       0x13 binaries/xsh_ping.o
 .comment       0x00000012       0x13 binaries/xsh_ps.o
 .comment       0x00000012       0x13 binaries/xsh_sleep.o
 .comment       0x00000012       0x13 binaries/xsh_tee.o
 .comment       0x00000012       0x13 binaries/xsh_udpdump.o
 .comment       0x00000012       0x13 binaries/xsh_udpecho.o
 .comment       0x00000012       0x13 binaries/xsh_udpserver.o
 .comment       0x00000012       0x13 binaries/xsh_uptime.o
